// Jest Snapshot v1, https://goo.gl/fbAQLP

exports[`should render correctly 1`] = `
<form
  onSubmit={[Function]}
>
  <h4
    className="header grey-text text-darken-3"
  >
    Login
  </h4>
  <div
    className="input-field"
  >
    <label
      htmlFor="email"
    >
      Email
    </label>
    <input
      className="pink-text"
      id="email"
      onChange={[Function]}
      type="email"
    />
  </div>
  <div
    className="input-field"
  >
    <label
      htmlFor="password"
    >
      Password
    </label>
    <input
      className="pink-text"
      id="password"
      onChange={[Function]}
      type="password"
    />
  </div>
  <div
    className="input-field"
  >
    <button
      className="btn pink lighten-1 z-depth-0"
      type="submit"
    >
      Login
    </button>
  </div>
</form>
`;
