// Jest Snapshot v1, https://goo.gl/fbAQLP

exports[`should render correctly 1`] = `
<div
  className="project-summary card"
>
  <div
    className="card-content grey-text text-darken-3"
  >
    <span
      className="card-title"
    >
      Hello World
    </span>
    <p>
      Posted By Net Ninja
    </p>
    <p
      className="grey-text"
    >
      3rd September, 2am
    </p>
  </div>
</div>
`;
